// Vitest Snapshot v1, https://vitest.dev/guide/snapshot.html

exports[`Divider > matches snapshot 1`] = `
<div
  class="divider"
  data-aria-orientation="horizontal"
  role="separator"
/>
`;
