// Vitest Snapshot v1, https://vitest.dev/guide/snapshot.html

exports[`Page > matches snapshot 1`] = `
<div
  class="page"
>
  <h1>
    Home 
    <small>
      Welcome to the home page
    </small>
  </h1>
  
  
  <main>
    
    
  </main>
</div>
`;
