// Vitest Snapshot v1, https://vitest.dev/guide/snapshot.html

exports[`Dropdown > matches snapshot 1`] = `
<div
  class="popup-container dropdown-menu"
  tabindex="0"
>
  <div
    aria-expanded="true"
    aria-label="popup"
    class="popup-trigger"
  >
    
    <div
      aria-label="Dropdown dropdown"
      class="dropdown-menu-trigger"
    >
      
      
      <span>
        Dropdown
      </span>
      <svg
        class="dropdown-icon"
        fill="none"
        height="24"
        viewBox="0 0 24 24"
        width="24"
        xmlns="http://www.w3.org/2000/svg"
      >
        <g
          stroke-width="0"
        />
        <g
          stroke-linecap="round"
          stroke-linejoin="round"
        />
        <g>
          <path
            d="M5.70711 9.71069C5.31658 10.1012 5.31658 10.7344 5.70711 11.1249L10.5993 16.0123C11.3805 16.7927 12.6463 16.7924 13.4271 16.0117L18.3174 11.1213C18.708 10.7308 18.708 10.0976 18.3174 9.70708C17.9269 9.31655 17.2937 9.31655 16.9032 9.70708L12.7176 13.8927C12.3271 14.2833 11.6939 14.2832 11.3034 13.8927L7.12132 9.71069C6.7308 9.32016 6.09763 9.32016 5.70711 9.71069Z"
            fill="#0F0F0F"
          />
        </g>
      </svg>
      
      
    </div>
    
  </div>
  <div
    class="popup-content bottom"
    style="top: 0px; left: 0px;"
  >
    
    <ul
      aria-label="Dropdowndropdown menu"
      class="dropdown-menu"
      tabindex="0"
    >
      
      <li
        aria-disabled="false"
        class="menu-item"
        tabindex="0"
      >
        <span
          class="menu-item"
        >
          
          <i
            class=""
          />
          
           Menu1
        </span>
      </li>
      <li
        aria-disabled="false"
        class="menu-item"
        tabindex="0"
      >
        <span
          class="menu-item"
        >
          
          <i
            class=""
          />
          
           Menu2
        </span>
      </li>
      
    </ul>
    
  </div>
</div>
`;
