// Vitest Snapshot v1, https://vitest.dev/guide/snapshot.html

exports[`AppFooter > matches snapshot 1`] = `
<footer>
  
  <copyright-stub
    holder="Dzango Technologies Limited"
    showdisclaimer="false"
    url="https://dzango.com"
  />
  
  
  
  
  <div
    class="version"
  >
    0.1.0
  </div>
  
</footer>
`;
