// Vitest Snapshot v1, https://vitest.dev/guide/snapshot.html

exports[`NavMenu > matches snapshot  1`] = `
<nav
  class="nav-menu"
>
  <div
    class="menu"
  >
    
    <nav-menu-item-stub
      item="[object Object]"
      sidebaractive="true"
    />
    <nav-menu-item-stub
      item="[object Object]"
      sidebaractive="true"
    />
    
  </div>
</nav>
`;
