// Vitest Snapshot v1, https://vitest.dev/guide/snapshot.html

exports[`NavMenuItem > matches snapshot  1`] = `
<div
  class="nav-menu-item"
>
  <a
    aria-label="open menu"
    class="link"
  >
    <!--v-if-->
    <!--v-if-->
    <span
      class="item-name"
    >
      Menu1
    </span>
    <span
      class="toggle-menu"
    >
      <svg
        class="up-chevron"
        fill="none"
        viewBox="0 0 24 24"
        xmlns="http://www.w3.org/2000/svg"
      >
        <path
          clip-rule="evenodd"
          d="M4.29289 8.29289C4.68342 7.90237 5.31658 7.90237 5.70711 8.29289L12 14.5858L18.2929 8.29289C18.6834 7.90237 19.3166 7.90237 19.7071 8.29289C20.0976 8.68342 20.0976 9.31658 19.7071 9.70711L12.7071 16.7071C12.3166 17.0976 11.6834 17.0976 11.2929 16.7071L4.29289 9.70711C3.90237 9.31658 3.90237 8.68342 4.29289 8.29289Z"
          fill="currentColor"
          fill-rule="evenodd"
        />
      </svg>
    </span>
  </a>
  <transition-stub
    appear="false"
    css="true"
    name="fade"
    persisted="false"
  >
    <div
      class="sub-menu-item"
    >
      
      <div
        class="nav-menu-item"
      >
        <a
          aria-label="open menu"
          class="link"
        >
          <!--v-if-->
          <!--v-if-->
          <span
            class="item-name"
          >
            child1
          </span>
          <!--v-if-->
        </a>
        <transition-stub
          appear="false"
          css="true"
          name="fade"
          persisted="false"
        >
          <!--v-if-->
        </transition-stub>
      </div>
      <div
        class="nav-menu-item"
      >
        <a
          aria-label="open menu"
          class="link"
        >
          <!--v-if-->
          <!--v-if-->
          <span
            class="item-name"
          >
            child2
          </span>
          <!--v-if-->
        </a>
        <transition-stub
          appear="false"
          css="true"
          name="fade"
          persisted="false"
        >
          <!--v-if-->
        </transition-stub>
      </div>
      
    </div>
  </transition-stub>
</div>
`;
