// Vitest Snapshot v1

exports[`BasicLayout > matches snapshot 1`] = `<basic-layout-stub />`;
