// Vitest Snapshot v1, https://vitest.dev/guide/snapshot.html

exports[`SidebarOnlyLayout > matches snapshot 1`] = `
<div
  class="layout sidebar-only"
>
  <div
    class="sidebar layout-sidebar"
  >
    <div
      class="header"
    >
      <div
        class="logo"
      >
        <a
          class="logo"
          href="/"
        >
          <img
            alt=""
            src="/logo.png"
          />
        </a>
      </div>
      <div
        class="title"
      >
        
        
      </div>
      <div
        class="toggle"
      >
        <transition-stub
          appear="false"
          css="true"
          name="sidebar-toggle"
          persisted="false"
        >
          <img
            alt="extend sidebar"
            class="extend"
            src="data:image/svg+xml;base64,PHN2ZyB2aWV3Qm94PSIwIDAgMjQgMjQiIGZpbGw9Im5vbmUiIHhtbG5zPSJodHRwOi8vd3d3LnczLm9yZy8yMDAwL3N2ZyI+Cgk8ZyBzdHJva2Utd2lkdGg9IjAiPgoJPC9nPgoJPGcgc3Ryb2tlLWxpbmVjYXA9InJvdW5kIiBzdHJva2UtbGluZWpvaW49InJvdW5kIj4KCTwvZz4KCTxnPgoJCTxwYXRoIGZpbGwtcnVsZT0iZXZlbm9kZCIgY2xpcC1ydWxlPSJldmVub2RkIiBkPSJNOC4yOTI4OSA0LjI5Mjg5QzguNjgzNDIgMy45MDIzNyA5LjMxNjU4IDMuOTAyMzcgOS43MDcxMSA0LjI5Mjg5TDE2LjcwNzEgMTEuMjkyOUMxNy4wOTc2IDExLjY4MzQgMTcuMDk3NiAxMi4zMTY2IDE2LjcwNzEgMTIuNzA3MUw5LjcwNzExIDE5LjcwNzFDOS4zMTY1OCAyMC4wOTc2IDguNjgzNDIgMjAuMDk3NiA4LjI5Mjg5IDE5LjcwNzFDNy45MDIzNyAxOS4zMTY2IDcuOTAyMzcgMTguNjgzNCA4LjI5Mjg5IDE4LjI5MjlMMTQuNTg1OCAxMkw4LjI5Mjg5IDUuNzA3MTFDNy45MDIzNyA1LjMxNjU4IDcuOTAyMzcgNC42ODM0MiA4LjI5Mjg5IDQuMjkyODlaIiBmaWxsPSIjZmZmZmZmIj4KCQk8L3BhdGg+Cgk8L2c+Cjwvc3ZnPgo="
          />
        </transition-stub>
      </div>
    </div>
    <div
      class="sidebar-menu-wrapper"
    >
      
      
      <ul
        class="nav"
      >
        
        <nav
          class="nav-menu"
        >
          <div
            class="menu"
          >
            
            <div
              class="nav-menu-item"
            >
              <a
                aria-label="open menu"
                class="link"
              >
                <!---->
                <span>
                  M1
                </span>
                <!---->
                <!---->
              </a>
              <transition-stub
                appear="false"
                css="true"
                name="fade"
                persisted="false"
              >
                <!---->
              </transition-stub>
            </div>
            <div
              class="nav-menu-item"
            >
              <a
                aria-label="open menu"
                class="link"
              >
                <!---->
                <span>
                  M2
                </span>
                <!---->
                <!---->
              </a>
              <transition-stub
                appear="false"
                css="true"
                name="fade"
                persisted="false"
              >
                <!---->
              </transition-stub>
            </div>
            
          </div>
        </nav>
        
        
        
        
        <div
          class="after-nav"
        />
        
        
        
        <user-menu-stub />
        
        
      </ul>
      
      
      
      <div
        class="after-sidebar"
      />
      
      
      
      <locale-switcher-stub
        class="locales"
      />
      
      
    </div>
    <div
      class="footer"
    >
      
      <footer>
        
        <!---->
        
        
        
        
        <div
          class="version"
        >
          0.1.0
        </div>
        
      </footer>
      
    </div>
  </div>
  <main>
    
    
    <div
      class="default"
    />
    
    
  </main>
</div>
`;
