// Vitest Snapshot v1, https://vitest.dev/guide/snapshot.html

exports[`SidebarHeaderLayout > matches snapshot 1`] = `
<div
  class="layout sidebar-header-layout"
>
  
  <header>
    
    <!---->
    
    <nav
      data-expanded="false"
    >
      
      <!---->
      
      
      
      
      
      
      <locale-switcher-stub
        class="locales"
      />
      
    </nav>
    <div
      class="toggle"
    >
      
      <svg
        aria-hidden="true"
        height="1.5rem"
        role="img"
        viewBox="0 0 16 16"
        width="1.5rem"
        xmlns="http://www.w3.org/2000/svg"
        xmlns:xlink="http://www.w3.org/1999/xlink"
      />
      
    </div>
  </header>
  
  <div
    class="no-sidebar layout-sidebar"
  >
    <img
      alt="show sidebar"
      src="data:image/svg+xml;base64,PHN2ZyB2aWV3Qm94PSIwIDAgMjQgMjQiIGZpbGw9Im5vbmUiIHhtbG5zPSJodHRwOi8vd3d3LnczLm9yZy8yMDAwL3N2ZyI+Cgk8ZyBzdHJva2Utd2lkdGg9IjAiPgoJPC9nPgoJPGcgc3Ryb2tlLWxpbmVjYXA9InJvdW5kIiBzdHJva2UtbGluZWpvaW49InJvdW5kIj4KCTwvZz4KCTxnPgoJCTxwYXRoIGZpbGwtcnVsZT0iZXZlbm9kZCIgY2xpcC1ydWxlPSJldmVub2RkIiBkPSJNOC4yOTI4OSA0LjI5Mjg5QzguNjgzNDIgMy45MDIzNyA5LjMxNjU4IDMuOTAyMzcgOS43MDcxMSA0LjI5Mjg5TDE2LjcwNzEgMTEuMjkyOUMxNy4wOTc2IDExLjY4MzQgMTcuMDk3NiAxMi4zMTY2IDE2LjcwNzEgMTIuNzA3MUw5LjcwNzExIDE5LjcwNzFDOS4zMTY1OCAyMC4wOTc2IDguNjgzNDIgMjAuMDk3NiA4LjI5Mjg5IDE5LjcwNzFDNy45MDIzNyAxOS4zMTY2IDcuOTAyMzcgMTguNjgzNCA4LjI5Mjg5IDE4LjI5MjlMMTQuNTg1OCAxMkw4LjI5Mjg5IDUuNzA3MTFDNy45MDIzNyA1LjMxNjU4IDcuOTAyMzcgNC42ODM0MiA4LjI5Mjg5IDQuMjkyODlaIiBmaWxsPSIjZmZmZmZmIj4KCQk8L3BhdGg+Cgk8L2c+Cjwvc3ZnPgo="
    />
  </div>
  <main>
    
    
    <div
      class="default"
    />
    
    
  </main>
</div>
`;
