// Vitest Snapshot v1, https://vitest.dev/guide/snapshot.html

exports[`Modal > matches snapshot 1`] = `
<div
  class="modal"
>
  <div
    class="overlay"
  >
    <div
      class="dialog active"
    >
      <div
        class="header"
      >
        
        <span
          role="heading"
        >
          Test
        </span>
        
        <svg
          aria-label="close modal"
          height="1.5rem"
          tabindex="0"
          viewBox="0 0 16 16"
          width="1.5rem"
          xmlns="http://www.w3.org/2000/svg"
        >
          <path
            d="M5.28 4.22a.75.75 0 0 0-1.06 1.06L6.94 8l-2.72 2.72a.75.75 0 1 0 1.06 1.06L8 9.06l2.72 2.72a.75.75 0 1 0 1.06-1.06L9.06 8l2.72-2.72a.75.75 0 0 0-1.06-1.06L8 6.94z"
            fill="currentColor"
          />
        </svg>
      </div>
      <div
        class="content"
      >
        
        <p>
          This is test content
        </p>
        
      </div>
      <div
        class="footer"
      >
        
        <p>
          Modal footer
        </p>
        
      </div>
    </div>
  </div>
</div>
`;
