// Vitest Snapshot v1, https://vitest.dev/guide/snapshot.html

exports[`BasicLayout > matches snapshot 1`] = `
<div
  class="basic-layout"
>
  
  <app-header-stub />
  
  <main>
    
    
  </main>
  
  <app-footer-stub />
  
</div>
`;
