// Vitest Snapshot v1, https://vitest.dev/guide/snapshot.html

exports[`LoadingPage > matches snapshot 1`] = `
<div
  class="loading-page"
>
  <div
    class="loading loading-icon"
    data-v-20744668=""
  >
    Loading
  </div>
</div>
`;
