// Vitest Snapshot v1, https://vitest.dev/guide/snapshot.html

exports[`Login with signup disabled > matches snapshot in en 1`] = `
<div
  class="page auth login"
  data-centered="false"
>
  <div
    class="page-header"
  >
    <div
      class="page-title-wrapper"
    >
      <h1>
        Login
      </h1>
      
      <!---->
      
    </div>
    <div
      class="page-toolbar"
    >
      
      
    </div>
  </div>
  <div
    class="page-content"
  >
    
    <!--v-if-->
    
    
    <form
      novalidate=""
    >
      <div
        class="field email"
      >
        <label
          for="email"
        >
          Your email
        </label>
        
        <input
          class=""
          name="email"
          placeholder="john.doe@example.com"
          tabindex="0"
          type="email"
        />
        <!---->
        
      </div>
      <div
        class="field password"
      >
        <label
          for="password"
        >
          Your password
        </label>
        
        <div
          class="password-input"
        >
          <input
            class=""
            name="password"
            placeholder=""
            tabindex="0"
            type="password"
          />
          <span
            class="eye-icon"
          >
            
            <img
              alt="eye-icon"
              src="data:image/svg+xml;base64,PD94bWwgdmVyc2lvbj0iMS4wIiBlbmNvZGluZz0idXRmLTgiPz4NCjxzdmcgZmlsbD0iIzAwMDAwMCIgd2lkdGg9IjgwMHB4IiBoZWlnaHQ9IjgwMHB4IiB2aWV3Qm94PSIwIDAgMzIgMzIiIHZlcnNpb249IjEuMSIgeG1sbnM9Imh0dHA6Ly93d3cudzMub3JnLzIwMDAvc3ZnIj4NCjxwYXRoIGQ9Ik0xOC44MjIgMjIuOTA0Yy01LjIxNSAxLjI3NS0xMC41MjQtMS4wNTEtMTUuODE4LTYuOTA0IDEuMzM3LTEuNTAxIDIuNzktMi44NDMgNC4zNjQtNC4wMzRsMC4wNzYtMC4wNTVjMC4xODYtMC4xMzggMC4zMDUtMC4zNTcgMC4zMDUtMC42MDQgMC0wLjQxNC0wLjMzNi0wLjc1LTAuNzUtMC43NS0wLjE2NiAwLTAuMzIgMC4wNTQtMC40NDQgMC4xNDZsMC4wMDItMC4wMDFjLTEuOTEgMS40NDctMy41ODggMy4wMjQtNS4wODYgNC43NjFsLTAuMDM2IDAuMDQyYy0wLjExNSAwLjEzMS0wLjE4NSAwLjMwNS0wLjE4NSAwLjQ5NHMwLjA3MCAwLjM2MyAwLjE4NiAwLjQ5NWwtMC4wMDEtMC4wMDFjNC44MDMgNS40ODggOS42OTMgOC4yNTQgMTQuNTgyIDguMjU0IDEuMTIzLTAuMDAxIDIuMjEyLTAuMTQyIDMuMjUyLTAuNDA2bC0wLjA5MiAwLjAyMGMwLjMzMi0wLjA4MiAwLjU3My0wLjM3NyAwLjU3My0wLjcyOSAwLTAuNDE0LTAuMzM2LTAuNzUtMC43NS0wLjc1LTAuMDY0IDAtMC4xMjUgMC4wMDgtMC4xODQgMC4wMjNsMC4wMDUtMC4wMDF6TTE2Ljc1IDIwYy0wLTAuNDE0LTAuMzM2LTAuNzUtMC43NS0wLjc1djBjLTEuNzk0LTAuMDAyLTMuMjQ4LTEuNDU2LTMuMjUtMy4yNXYtMGMwLTAuNDE0LTAuMzM2LTAuNzUtMC43NS0wLjc1cy0wLjc1IDAuMzM2LTAuNzUgMC43NXYwYzAuMDAzIDIuNjIyIDIuMTI4IDQuNzQ3IDQuNzUgNC43NWgwYzAuNDE0LTAgMC43NS0wLjMzNiAwLjc1LTAuNzV2MHpNMjMuNTY1IDIyLjUwM2MyLjcwMS0xLjY3MiA1LjAxMC0zLjY2NSA2Ljk2NS01Ljk2N2wwLjAzNC0wLjA0MmMwLjExNi0wLjEzMSAwLjE4Ni0wLjMwNCAwLjE4Ni0wLjQ5NHMtMC4wNzAtMC4zNjMtMC4xODctMC40OTVsMC4wMDEgMC4wMDFjLTYuODQ0LTcuODItMTMuODIyLTEwLjA4MS0yMC43NTgtNi43NmwtNy4yNzctNy4yNzZjLTAuMTM1LTAuMTMxLTAuMzItMC4yMTItMC41MjMtMC4yMTItMC40MTQgMC0wLjc1IDAuMzM2LTAuNzUgMC43NSAwIDAuMjAzIDAuMDgxIDAuMzg4IDAuMjEzIDAuNTIzbDI3Ljk5OSAyOC4wMDFjMC4xMzYgMC4xMzYgMC4zMjQgMC4yMiAwLjUzMSAwLjIyIDAuNDE1IDAgMC43NTEtMC4zMzYgMC43NTEtMC43NTEgMC0wLjIwNy0wLjA4NC0wLjM5NS0wLjIyLTAuNTMxdjB6TTI4Ljk5NiAxNmMtMS44NTIgMi4xMjEtNC4wMDQgMy45MTktNi40MDIgNS4zNDVsLTAuMTIxIDAuMDY3LTIuNjM2LTIuNjM1YzAuNTY5LTAuNzY3IDAuOTExLTEuNzMxIDAuOTEyLTIuNzc2di0wYy0wLjAwMy0yLjYyMi0yLjEyOC00Ljc0Ny00Ljc1LTQuNzVoLTBjLTEuMDQ1IDAuMDAyLTIuMDA5IDAuMzQ0LTIuNzg5IDAuOTIxbDAuMDEzLTAuMDA5LTIuMjktMi4yOWM2LjAyNy0yLjY0NyAxMS45NS0wLjY0IDE4LjA2MiA2LjEyN3pNMTQuMzAxIDEzLjIzOWMwLjQ4Ni0wLjMwNyAxLjA3Ny0wLjQ4OSAxLjcxMS0wLjQ4OSAxLjc4OCAwIDMuMjM4IDEuNDUgMy4yMzggMy4yMzggMCAwLjYzNC0wLjE4MiAxLjIyNS0wLjQ5NyAxLjcyNGwwLjAwOC0wLjAxM3oiPjwvcGF0aD4NCjwvc3ZnPg=="
            />
            
          </span>
        </div>
        <!---->
        
      </div>
      <div
        class="actions"
      >
        <button
          class="loading-button"
          data-v-3fdbc7b3=""
          tabindex="0"
        >
          <div
            class="label"
            data-v-3fdbc7b3=""
          >
            <span
              data-v-3fdbc7b3=""
            >
              Sign in
            </span>
          </div>
          <!---->
        </button>
      </div>
    </form>
    <div
      class="links"
    >
      <!--v-if-->
      <a
        class="reset"
      >
        Forgot password
      </a>
    </div>
    <!--v-if-->
    <div
      class="social-logins"
    >
      <!--v-if-->
    </div>
    
  </div>
</div>
`;

exports[`Login with signup disabled > matches snapshot in fr 1`] = `
<div
  class="page auth login"
  data-centered="false"
>
  <div
    class="page-header"
  >
    <div
      class="page-title-wrapper"
    >
      <h1>
        Connexion
      </h1>
      
      <!---->
      
    </div>
    <div
      class="page-toolbar"
    >
      
      
    </div>
  </div>
  <div
    class="page-content"
  >
    
    <!--v-if-->
    
    
    <form
      novalidate=""
    >
      <div
        class="field email"
      >
        <label
          for="email"
        >
          Votre adresse courriel
        </label>
        
        <input
          class=""
          name="email"
          placeholder="john.doe@example.com"
          tabindex="0"
          type="email"
        />
        <!---->
        
      </div>
      <div
        class="field password"
      >
        <label
          for="password"
        >
          Votre mot de passe
        </label>
        
        <div
          class="password-input"
        >
          <input
            class=""
            name="password"
            placeholder=""
            tabindex="0"
            type="password"
          />
          <span
            class="eye-icon"
          >
            
            <img
              alt="eye-icon"
              src="data:image/svg+xml;base64,PD94bWwgdmVyc2lvbj0iMS4wIiBlbmNvZGluZz0idXRmLTgiPz4NCjxzdmcgZmlsbD0iIzAwMDAwMCIgd2lkdGg9IjgwMHB4IiBoZWlnaHQ9IjgwMHB4IiB2aWV3Qm94PSIwIDAgMzIgMzIiIHZlcnNpb249IjEuMSIgeG1sbnM9Imh0dHA6Ly93d3cudzMub3JnLzIwMDAvc3ZnIj4NCjxwYXRoIGQ9Ik0xOC44MjIgMjIuOTA0Yy01LjIxNSAxLjI3NS0xMC41MjQtMS4wNTEtMTUuODE4LTYuOTA0IDEuMzM3LTEuNTAxIDIuNzktMi44NDMgNC4zNjQtNC4wMzRsMC4wNzYtMC4wNTVjMC4xODYtMC4xMzggMC4zMDUtMC4zNTcgMC4zMDUtMC42MDQgMC0wLjQxNC0wLjMzNi0wLjc1LTAuNzUtMC43NS0wLjE2NiAwLTAuMzIgMC4wNTQtMC40NDQgMC4xNDZsMC4wMDItMC4wMDFjLTEuOTEgMS40NDctMy41ODggMy4wMjQtNS4wODYgNC43NjFsLTAuMDM2IDAuMDQyYy0wLjExNSAwLjEzMS0wLjE4NSAwLjMwNS0wLjE4NSAwLjQ5NHMwLjA3MCAwLjM2MyAwLjE4NiAwLjQ5NWwtMC4wMDEtMC4wMDFjNC44MDMgNS40ODggOS42OTMgOC4yNTQgMTQuNTgyIDguMjU0IDEuMTIzLTAuMDAxIDIuMjEyLTAuMTQyIDMuMjUyLTAuNDA2bC0wLjA5MiAwLjAyMGMwLjMzMi0wLjA4MiAwLjU3My0wLjM3NyAwLjU3My0wLjcyOSAwLTAuNDE0LTAuMzM2LTAuNzUtMC43NS0wLjc1LTAuMDY0IDAtMC4xMjUgMC4wMDgtMC4xODQgMC4wMjNsMC4wMDUtMC4wMDF6TTE2Ljc1IDIwYy0wLTAuNDE0LTAuMzM2LTAuNzUtMC43NS0wLjc1djBjLTEuNzk0LTAuMDAyLTMuMjQ4LTEuNDU2LTMuMjUtMy4yNXYtMGMwLTAuNDE0LTAuMzM2LTAuNzUtMC43NS0wLjc1cy0wLjc1IDAuMzM2LTAuNzUgMC43NXYwYzAuMDAzIDIuNjIyIDIuMTI4IDQuNzQ3IDQuNzUgNC43NWgwYzAuNDE0LTAgMC43NS0wLjMzNiAwLjc1LTAuNzV2MHpNMjMuNTY1IDIyLjUwM2MyLjcwMS0xLjY3MiA1LjAxMC0zLjY2NSA2Ljk2NS01Ljk2N2wwLjAzNC0wLjA0MmMwLjExNi0wLjEzMSAwLjE4Ni0wLjMwNCAwLjE4Ni0wLjQ5NHMtMC4wNzAtMC4zNjMtMC4xODctMC40OTVsMC4wMDEgMC4wMDFjLTYuODQ0LTcuODItMTMuODIyLTEwLjA4MS0yMC43NTgtNi43NmwtNy4yNzctNy4yNzZjLTAuMTM1LTAuMTMxLTAuMzItMC4yMTItMC41MjMtMC4yMTItMC40MTQgMC0wLjc1IDAuMzM2LTAuNzUgMC43NSAwIDAuMjAzIDAuMDgxIDAuMzg4IDAuMjEzIDAuNTIzbDI3Ljk5OSAyOC4wMDFjMC4xMzYgMC4xMzYgMC4zMjQgMC4yMiAwLjUzMSAwLjIyIDAuNDE1IDAgMC43NTEtMC4zMzYgMC43NTEtMC43NTEgMC0wLjIwNy0wLjA4NC0wLjM5NS0wLjIyLTAuNTMxdjB6TTI4Ljk5NiAxNmMtMS44NTIgMi4xMjEtNC4wMDQgMy45MTktNi40MDIgNS4zNDVsLTAuMTIxIDAuMDY3LTIuNjM2LTIuNjM1YzAuNTY5LTAuNzY3IDAuOTExLTEuNzMxIDAuOTEyLTIuNzc2di0wYy0wLjAwMy0yLjYyMi0yLjEyOC00Ljc0Ny00Ljc1LTQuNzVoLTBjLTEuMDQ1IDAuMDAyLTIuMDA5IDAuMzQ0LTIuNzg5IDAuOTIxbDAuMDEzLTAuMDA5LTIuMjktMi4yOWM2LjAyNy0yLjY0NyAxMS45NS0wLjY0IDE4LjA2MiA2LjEyN3pNMTQuMzAxIDEzLjIzOWMwLjQ4Ni0wLjMwNyAxLjA3Ny0wLjQ4OSAxLjcxMS0wLjQ4OSAxLjc4OCAwIDMuMjM4IDEuNDUgMy4yMzggMy4yMzggMCAwLjYzNC0wLjE4MiAxLjIyNS0wLjQ5NyAxLjcyNGwwLjAwOC0wLjAxM3oiPjwvcGF0aD4NCjwvc3ZnPg=="
            />
            
          </span>
        </div>
        <!---->
        
      </div>
      <div
        class="actions"
      >
        <button
          class="loading-button"
          data-v-3fdbc7b3=""
          tabindex="0"
        >
          <div
            class="label"
            data-v-3fdbc7b3=""
          >
            <span
              data-v-3fdbc7b3=""
            >
              Connexion
            </span>
          </div>
          <!---->
        </button>
      </div>
    </form>
    <div
      class="links"
    >
      <!--v-if-->
      <a
        class="reset"
      >
        Mot de passe oubli√©
      </a>
    </div>
    <!--v-if-->
    <div
      class="social-logins"
    >
      <!--v-if-->
    </div>
    
  </div>
</div>
`;
