// Vitest Snapshot v1, https://vitest.dev/guide/snapshot.html

exports[`Button > matches snapshot 1`] = `
<button
  aria-label="button"
  class="rounded"
  role="button"
>
  <span
    class="icon-left"
  >
    
    <i
      class=""
    />
    
  </span>
  <div
    class="label"
  >
    
    <span>
      Submit
    </span>
    
  </div>
  <span
    class="icon-right"
  >
    
    <i
      class=""
    />
    
  </span>
  <!--v-if-->
</button>
`;
