// Vitest Snapshot v1, https://vitest.dev/guide/snapshot.html

exports[`Message > matches snapshot 1`] = `
<div
  class="message info"
>
  <span
    class="icon"
  >
    
    <i
      class="pi pi-bell"
    />
    
  </span>
  <div
    class="message-content"
  >
    
    
    This is a very important message.
    
    
  </div>
  <span
    class="close-message"
  />
</div>
`;
