// Vitest Snapshot v1

exports[`TabbedPanel > matches snapshot 1`] = `
<div
  class="tabbed-panel top"
  data-v-fddfca6f=""
>
  <div
    data-v-fddfca6f=""
    role="tablist"
  >
    
    <button
      class=""
      data-v-fddfca6f=""
      type="button"
    >
      <img
        data-v-fddfca6f=""
        src="home.svg"
      />
      <span
        data-v-fddfca6f=""
      >
        Subpane 1
      </span>
    </button>
    <button
      class=""
      data-v-fddfca6f=""
      type="button"
    >
      <img
        data-v-fddfca6f=""
      />
      <span
        data-v-fddfca6f=""
      >
        Subpane 2
      </span>
    </button>
    
  </div>
  <!---->
</div>
`;
