// Vitest Snapshot v1, https://vitest.dev/guide/snapshot.html

exports[`LoadingIcon > matches snapshot 1`] = `
<div
  class="loading"
  data-v-20744668=""
  label="Login"
>
  Loading
</div>
`;
