// Vitest Snapshot v1, https://vitest.dev/guide/snapshot.html

exports[`FormActions > matches snapshot 1`] = `
<div
  class="form-actions"
  data-alignment="right"
  data-direction="horizontal"
  data-reverse="false"
>
  
  
  
  <button-element-stub
    aria-label="button"
    disabled="false"
    id="submit"
    label="Submit"
    loading="false"
    rounded="false"
    severity="primary"
    size="medium"
    type="submit"
    variant="filled"
  />
  
  
  <button-element-stub
    aria-label="button"
    disabled="false"
    id="cancel"
    label="Cancel"
    loading="false"
    rounded="false"
    severity="secondary"
    size="medium"
    type="button"
    variant="outlined"
  />
  
  
  
</div>
`;
