// Vitest Snapshot v1, https://vitest.dev/guide/snapshot.html

exports[`Password > matches snapshot 1`] = `
<div
  class="field password"
>
  <label
    for="password"
  >
    Password
  </label>
  
  <div
    class="password-input"
  >
    <input
      class=""
      name="password"
      placeholder=""
      tabindex="0"
      type="password"
    />
    <span
      class="eye-icon"
    >
      
      <img
        alt="eye-icon"
        src="/src/assets/svg/eye-slash.svg"
      />
      
    </span>
  </div>
  <!---->
  
</div>
`;
