// Vitest Snapshot v1, https://vitest.dev/guide/snapshot.html

exports[`Data > matches snapshot 1`] = `
<div
  class="data direction-vertical"
  label="Email"
>
  <div
    class="label"
  >
    
    
    
  </div>
  <div
    class="value"
  >
    
    john.doe@example.com
    
  </div>
</div>
`;
