// Vitest Snapshot v1, https://vitest.dev/guide/snapshot.html

exports[`ConfirmationModal > matches snapshot 1`] = `
<div
  class="modal bordered-modal"
>
  <div
    class="modal-wrapper"
  >
    <div
      class="modal-container"
    >
      <div
        class="modal-header"
      >
        
        <span>
          Confirmation required
        </span>
        
        <svg
          height="1em"
          viewBox="0 0 16 16"
          width="1em"
          xmlns="http://www.w3.org/2000/svg"
        >
          <path
            d="M5.28 4.22a.75.75 0 0 0-1.06 1.06L6.94 8l-2.72 2.72a.75.75 0 1 0 1.06 1.06L8 9.06l2.72 2.72a.75.75 0 1 0 1.06-1.06L9.06 8l2.72-2.72a.75.75 0 0 0-1.06-1.06L8 6.94z"
            fill="currentColor"
          />
        </svg>
      </div>
      <div
        class="modal-body"
      >
        
        <p>
          Are you sure you want to proceed?
        </p>
        
      </div>
      <div
        class="modal-footer"
      >
        
        <button
          class="button secondary small filled"
          role="button"
        >
          <!--v-if-->
          <div
            class="label"
          >
            
            <span>
              Cancel
            </span>
            
          </div>
          <!--v-if-->
          <!--v-if-->
        </button>
        <button
          class="button primary small filled"
          role="button"
        >
          <!--v-if-->
          <div
            class="label"
          >
            
            <span>
              Confirm
            </span>
            
          </div>
          <!--v-if-->
          <!--v-if-->
        </button>
        
      </div>
    </div>
  </div>
</div>
`;
